<html>
<body>
<pre>
<h1>礦ision Build Log</h1>
<h2>Tool Versions:</h2>
IDE-Version: μVision V5.24.2.0
Copyright (C) 2017 ARM Ltd and ARM Germany GmbH. All rights reserved.
License Information: 1 王云龙, 1, LIC=03C6R-K2QMM-Z9PG9-4WWTU-YMS35-TJ9T1
 
Tool Versions:
Toolchain:       MDK-ARM Plus  Version: 5.24.1
Toolchain Path:  C:\Keil_v5\ARM\ARMCC\Bin
C Compiler:      Armcc.exe V5.06 update 5 (build 528)
Assembler:       Armasm.exe V5.06 update 5 (build 528)
Linker/Locator:  ArmLink.exe V5.06 update 5 (build 528)
Library Manager: ArmAr.exe V5.06 update 5 (build 528)
Hex Converter:   FromElf.exe V5.06 update 5 (build 528)
CPU DLL:         SARMCM3.DLL V5.24.1
Dialog DLL:      DCM.DLL V1.16.0.0
Target DLL:      CMSIS_AGDI.dll V1.28.3.0
Dialog DLL:      TCM.DLL V1.32.0.0
 
<h2>Project:</h2>
C:\Users\Administrator\Desktop\KeilProject\STM32智能小车\Project.uvprojx
Project File Date:  04/08/2024

<h2>Output:</h2>
*** Using Compiler 'V5.06 update 5 (build 528)', folder: 'C:\Keil_v5\ARM\ARMCC\Bin'
Build target 'Target 1'
compiling bsp.c...
compiling bsp_iravoid.c...
Hardware\bsp_iravoid.c(21): warning:  #1-D: last line of file ends without a newline
  	
Hardware\bsp_iravoid.c: 1 warning, 0 errors
compiling bsp_motor.c...
compiling bsp_colorful.c...
compiling bsp_timer.c...
compiling bsp_servo.c...
compiling bsp_gpio.c...
Hardware\bsp_gpio.c(230): warning:  #177-D: variable "GPIO_InitStructure"  was declared but never referenced
  		GPIO_InitTypeDef GPIO_InitStructure;
Hardware\bsp_gpio.c(287): warning:  #177-D: variable "GPIO_InitStructure"  was declared but never referenced
  	   GPIO_InitTypeDef GPIO_InitStructure;
Hardware\bsp_gpio.c(313): warning:  #1-D: last line of file ends without a newline
  	
Hardware\bsp_gpio.c: 3 warnings, 0 errors
compiling bsp_linewalking.c...
Hardware\bsp_linewalking.c(11): warning:  #1-D: last line of file ends without a newline
  	
Hardware\bsp_linewalking.c: 1 warning, 0 errors
compiling bsp_adc.c...
compiling app_LightSeeking.c...
User\app_LightSeeking.c(28): warning:  #1-D: last line of file ends without a newline
  	
User\app_LightSeeking.c: 1 warning, 0 errors
compiling app_motor.c...
compiling app_IRAvoid.c...
compiling bsp_lightseeking.c...
Hardware\bsp_lightseeking.c(14): warning:  #1-D: last line of file ends without a newline
  	
Hardware\bsp_lightseeking.c: 1 warning, 0 errors
compiling main.c...
compiling app_linewalking.c...
compiling app_IRFllow.c...
User\app_IRFllow.c(34): warning:  #1-D: last line of file ends without a newline
  		
User\app_IRFllow.c: 1 warning, 0 errors
compiling app_Ultrasonic.c...
compiling app_LineChack.c...
User\app_LineChack.c(22): warning:  #1-D: last line of file ends without a newline
  	
User\app_LineChack.c: 1 warning, 0 errors
linking...
Program Size: Code=11292 RO-data=456 RW-data=60 ZI-data=1884  
".\Objects\Project.axf" - 0 Error(s), 9 Warning(s).

<h2>Software Packages used:</h2>

Package Vendor: Keil
                http://www.keil.com/pack/Keil.STM32F1xx_DFP.2.2.0.pack
                Keil.STM32F1xx_DFP.2.2.0
                STMicroelectronics STM32F1 Series Device Support, Drivers and Examples

<h2>Collection of Component include folders:</h2>
  .\RTE\_Target_1
  C:\Keil_v5\ARM\PACK\Keil\STM32F1xx_DFP\2.2.0\Device\Include

<h2>Collection of Component Files used:</h2>
Build Time Elapsed:  00:00:04
</pre>
</body>
</html>
